[debug] [2026-10-06T20:55:11.014Z] ----------------------------------------------------------------------
[debug] [2026-10-06T20:55:11.016Z] Command:       C:\Program Files\nodejs\node.exe C:\Users\nekei\AppData\Roaming\npm\node_modules\firebase-tools\lib\bin\firebase.js init
[debug] [2026-10-06T20:55:11.016Z] CLI Version:   15.32.1
[debug] [2026-10-06T20:55:11.017Z] Platform:      win32
[debug] [2026-10-06T20:55:11.017Z] Node Version:  v24.21.0
[debug] [2026-10-06T20:55:11.017Z] Detected Agent: unknown
[debug] [2026-10-06T20:55:11.017Z] Time:          Tue Oct 06 2026 16:55:11 GMT-0400 (Eastern Daylight Time)
[debug] [2026-10-06T20:55:11.017Z] ----------------------------------------------------------------------
[debug] 
[info] 
     ######## #### ########  ######## ########     ###     ######  ########
     ##        ##  ##     ## ##       ##     ##  ##   ##  ##       ##
     ######    ##  ########  ######   ########  #########  ######  ######
     ##        ##  ##    ##  ##       ##     ## ##     ##       ## ##
     ##       #### ##     ## ######## ########  ##     ##  ######  ########

You're about to initialize a Firebase project in this directory:

  C:\Users\nekei\Code Projects\Matmar Studio

[info] 
=== Project Setup
[info] 
[info] First, let's associate this project directory with a Firebase project.
[info] You can create multiple project aliases by running firebase use --add, 
[info] 
[debug] [2026-10-06T20:56:54.744Z] > command requires scopes: ["email","openid","https://www.googleapis.com/auth/cloudplatformprojects.readonly","https://www.googleapis.com/auth/firebase","https://www.googleapis.com/auth/cloud-platform"]
[debug] [2026-10-06T20:56:54.744Z] > authorizing via signed-in user (nekeishapope@gmail.com)
[debug] [2026-10-06T20:56:54.754Z] Checked if tokens are valid: true, expires at: 1791323685262
[debug] [2026-10-06T20:56:54.754Z] Checked if tokens are valid: true, expires at: 1791323685262
[debug] [2026-10-06T20:56:54.755Z] >>> [apiv2][query] GET https://firebase.googleapis.com/v1beta1/projects pageSize=100
[debug] [2026-10-06T20:56:55.637Z] <<< [apiv2][status] GET https://firebase.googleapis.com/v1beta1/projects 200
[debug] [2026-10-06T20:56:55.637Z] <<< [apiv2][body] GET https://firebase.googleapis.com/v1beta1/projects [omitted]
[info] 
=== Hosting Setup
[debug] [2026-10-06T20:57:17.652Z] Checked if tokens are valid: true, expires at: 1791323685262
[debug] [2026-10-06T20:57:17.652Z] Checked if tokens are valid: true, expires at: 1791323685262
[debug] [2026-10-06T20:57:17.652Z] >>> [apiv2][query] GET https://firebase.googleapis.com/v1beta1/projects/matmar-studio [none]
[debug] [2026-10-06T20:57:17.959Z] <<< [apiv2][status] GET https://firebase.googleapis.com/v1beta1/projects/matmar-studio 200
[debug] [2026-10-06T20:57:17.959Z] <<< [apiv2][body] GET https://firebase.googleapis.com/v1beta1/projects/matmar-studio {"projectId":"matmar-studio","projectNumber":"581349008636","displayName":"Matmar-studio","name":"projects/matmar-studio","resources":{"hostingSite":"matmar-studio"},"state":"ACTIVE","labels":{"firebase":"enabled"},"etag":"1_58658c29-b115-40f8-a4ac-67f2bbd5cc6a"}
[info] 
[info] Your public directory is the folder (relative to your project directory) that
[info] will contain Hosting assets to be uploaded with firebase deploy. If you
[info] have a build process for your assets, use your build's output directory.
[info] 
